// Jest Snapshot v1, https://goo.gl/fbAQLP

exports[`ItemsList default snapshot 1`] = `
<AutoSizer
  disableHeight={false}
  disableWidth={false}
  onResize={[Function]}
  style={{}}
>
  [Function]
</AutoSizer>
`;
