// Jest Snapshot v1, https://goo.gl/fbAQLP

exports[`Loader default snapshot 1`] = `
<div
  className="loader"
>
  <WithStyles(CircularProgress)
    style={
      {
        "width": 100,
      }
    }
  />
</div>
`;
