// Jest Snapshot v1, https://goo.gl/fbAQLP

exports[`DestinationList Case disabled search with destination list 1`] = `
<DestinationList
  filteredItems={[]}
  height={400}
  itemHeight={40}
  listRenderer={[Function]}
  messages={
    {
      "messages": {
        "searchPlaceholder": "Search",
      },
    }
  }
  noItemsRenderer={[Function]}
  selectedIds={[]}
  selectedItemRenderer={[Function]}
  selectionStatusRenderer={[Function]}
  withGrouping={false}
/>
`;

exports[`DestinationList Case include search with destination list 1`] = `
<DestinationList
  filteredItems={[]}
  height={400}
  itemHeight={40}
  listRenderer={[Function]}
  messages={
    {
      "messages": {
        "searchPlaceholder": "Search",
      },
    }
  }
  noItemsRenderer={[Function]}
  selectedIds={[]}
  selectedItemRenderer={[Function]}
  selectionStatusRenderer={[Function]}
  withGrouping={false}
>
  <Search
    onChange={undefined}
    searchIcon="custom_path_icon"
    searchPlaceholder="Search..."
    value="1"
  />
</DestinationList>
`;

exports[`DestinationList custom messages 1`] = `
<Column>
  <SelectionStatus
    clearAll={undefined}
    clearAllMessage="Uncheck all"
    noneSelectedMessage="Nothing"
    selected={[]}
    selectedMessage="Checked"
  />
  <ItemsList
    disabled={false}
    height={355}
    isLocked={undefined}
    itemHeight={40}
    items={[]}
    noItemsMessage="No entries available..."
    noItemsRenderer={[Function]}
    offset={0}
    onClick={[Function]}
    renderer={[Function]}
    selectedIds={[]}
  />
</Column>
`;

exports[`DestinationList custom noItemsRenderer 1`] = `
<Column>
  <SelectionStatus
    clearAll={undefined}
    clearAllMessage="Clear All"
    noneSelectedMessage="None Selected"
    selected={[]}
    selectedMessage="selected"
  />
  <ItemsList
    disabled={false}
    height={355}
    isLocked={undefined}
    itemHeight={40}
    items={[]}
    noItemsMessage={undefined}
    noItemsRenderer={[MockFunction mockedComponent]}
    offset={0}
    onClick={[Function]}
    renderer={[Function]}
    selectedIds={[]}
  />
</Column>
`;

exports[`DestinationList custom selectedItemRenderer 1`] = `
<Column>
  <SelectionStatus
    clearAll={undefined}
    clearAllMessage="Clear All"
    noneSelectedMessage="None Selected"
    selected={[]}
    selectedMessage="selected"
  />
  <ItemsList
    disabled={false}
    height={355}
    isLocked={undefined}
    itemHeight={40}
    items={[]}
    noItemsMessage={undefined}
    noItemsRenderer={[Function]}
    offset={0}
    onClick={[Function]}
    renderer={[MockFunction mockedComponent]}
    selectedIds={[]}
  />
</Column>
`;

exports[`DestinationList custom selectionStatusRenderer 1`] = `
<Column>
  <mockConstructor
    clearAll={undefined}
    clearAllMessage={undefined}
    noneSelectedMessage={undefined}
    selected={[]}
    selectedMessage={undefined}
  />
  <ItemsList
    disabled={false}
    height={355}
    isLocked={undefined}
    itemHeight={40}
    items={[]}
    noItemsMessage={undefined}
    noItemsRenderer={[Function]}
    offset={0}
    onClick={[Function]}
    renderer={[Function]}
    selectedIds={[]}
  />
</Column>
`;

exports[`DestinationList default snapshot 1`] = `
<Column>
  <SelectionStatus
    clearAll={undefined}
    clearAllMessage="Clear All"
    noneSelectedMessage="None Selected"
    selected={[]}
    selectedMessage="selected"
  />
  <ItemsList
    disabled={false}
    height={355}
    isLocked={undefined}
    itemHeight={40}
    items={[]}
    noItemsMessage={undefined}
    noItemsRenderer={[Function]}
    offset={0}
    onClick={[Function]}
    renderer={[Function]}
    selectedIds={[]}
  />
</Column>
`;

exports[`DestinationList passed clearAll 1`] = `
<Column>
  <SelectionStatus
    clearAll={[MockFunction clearAll]}
    clearAllMessage="Clear All"
    noneSelectedMessage="None Selected"
    selected={[]}
    selectedMessage="selected"
  />
  <ItemsList
    disabled={false}
    height={355}
    isLocked={undefined}
    itemHeight={40}
    items={[]}
    noItemsMessage={undefined}
    noItemsRenderer={[Function]}
    offset={0}
    onClick={[Function]}
    renderer={[Function]}
    selectedIds={[]}
  />
</Column>
`;

exports[`DestinationList passed selectedIds 1`] = `
<Column>
  <SelectionStatus
    clearAll={undefined}
    clearAllMessage="Clear All"
    noneSelectedMessage="None Selected"
    selected={
      [
        1,
        2,
      ]
    }
    selectedMessage="selected"
  />
  <ItemsList
    disabled={false}
    height={355}
    isLocked={undefined}
    itemHeight={40}
    items={[]}
    noItemsMessage={undefined}
    noItemsRenderer={[Function]}
    offset={0}
    onClick={[Function]}
    renderer={[Function]}
    selectedIds={[]}
  />
</Column>
`;

exports[`DestinationList passed selectedItems 1`] = `
<Column>
  <SelectionStatus
    clearAll={undefined}
    clearAllMessage="Clear All"
    noneSelectedMessage="None Selected"
    selected={[]}
    selectedMessage="selected"
  />
  <ItemsList
    disabled={false}
    height={355}
    isLocked={undefined}
    itemHeight={40}
    items={[]}
    noItemsMessage={undefined}
    noItemsRenderer={[Function]}
    offset={0}
    onClick={[Function]}
    renderer={[Function]}
    selectedIds={[]}
  />
</Column>
`;

exports[`DestinationList passed selectedItems with grouping 1`] = `
<Column>
  <SelectionStatus
    clearAll={undefined}
    clearAllMessage="Clear All"
    noneSelectedMessage="None Selected"
    selected={[]}
    selectedMessage="selected"
  />
  <ItemsList
    disabled={false}
    height={355}
    isLocked={undefined}
    itemHeight={40}
    items={[]}
    noItemsMessage={undefined}
    noItemsRenderer={[Function]}
    offset={0}
    onClick={[Function]}
    renderer={[Function]}
    selectedIds={[]}
  />
</Column>
`;

exports[`DestinationList passed selectedItems with grouping and empty items 1`] = `
<Column>
  <SelectionStatus
    clearAll={undefined}
    clearAllMessage="Clear All"
    noneSelectedMessage="None Selected"
    selected={[]}
    selectedMessage="selected"
  />
  <ItemsList
    disabled={false}
    height={355}
    isLocked={undefined}
    itemHeight={40}
    items={[]}
    noItemsMessage={undefined}
    noItemsRenderer={[Function]}
    offset={0}
    onClick={[Function]}
    renderer={[Function]}
    selectedIds={[]}
  />
</Column>
`;

exports[`DestinationList passed unselectItems 1`] = `
<Column>
  <SelectionStatus
    clearAll={undefined}
    clearAllMessage="Clear All"
    noneSelectedMessage="None Selected"
    selected={[]}
    selectedMessage="selected"
  />
  <ItemsList
    disabled={false}
    height={355}
    isLocked={undefined}
    itemHeight={40}
    items={[]}
    noItemsMessage={undefined}
    noItemsRenderer={[Function]}
    offset={0}
    onClick={[Function]}
    renderer={[Function]}
    selectedIds={[]}
  />
</Column>
`;
