// Jest Snapshot v1, https://goo.gl/fbAQLP

exports[`With search Case custom search component 1`] = `
<CustomComponent
  filteredItems={
    [
      {
        "id": 11,
        "label": "item-11",
      },
    ]
  }
  messages={
    {
      "searchPlaceholder": "Search",
    }
  }
>
  <UserSearch
    onChange={[MockFunction]}
    searchIcon={
      <img
        alt=""
        src="custom_icon"
      />
    }
    searchPlaceholder="Search"
    value="11"
  />
</CustomComponent>
`;

exports[`With search Case default search component 1`] = `
<CustomComponent
  filteredItems={
    [
      {
        "id": 1,
        "label": "item-1",
      },
    ]
  }
  messages={
    {
      "searchPlaceholder": "Search",
    }
  }
>
  <Search
    onChange={[MockFunction]}
    searchIcon={
      <img
        alt=""
        src="custom_icon"
      />
    }
    searchPlaceholder="Search"
    value="1"
  />
</CustomComponent>
`;

exports[`With search Case not search component 1`] = `
<CustomComponent
  messages={
    {
      "searchPlaceholder": "Search",
    }
  }
/>
`;
